{
    "versions": {
        "content": [
            [
                
            ]
        ],
        "timestamp": "2023-11-24T14:08:28.010227"
    }
}