{
    "versions": {
        "content": [
            [
                "versions.yml:md5,d0192c087e9331b9c3a1ce526c21cd1e"
            ]
        ],
        "timestamp": "2023-11-24T13:29:56.530512"
    }
}