{
    "versions": {
        "content": [
            [
                "versions.yml:md5,2de62652dc2eb6c95f17225e88da8d70"
            ]
        ],
        "timestamp": "2023-11-24T14:30:11.894193"
    }
}