{
    "versions": {
        "content": [
            [
                "versions.yml:md5,d59ef6e139d691a25979a8a4ed9e5a5b"
            ]
        ],
        "timestamp": "2023-11-24T13:09:37.056692"
    }
}