{
    "versions": {
        "content": [
            [
                
            ]
        ],
        "timestamp": "2023-11-24T12:56:03.099056"
    }
}