{
    "versions": {
        "content": [
            [
                "versions.yml:md5,447eafa60f76f6b84d1c41a2f5c2f76b"
            ]
        ],
        "timestamp": "2023-11-24T14:40:39.449387"
    }
}