{
    "versions": {
        "content": [
            [
                
            ]
        ],
        "timestamp": "2023-11-24T13:54:29.617496"
    }
}