{
    "versions": {
        "content": [
            [
                "versions.yml:md5,51909a57a65cb89c0e8b3000366bde86"
            ]
        ],
        "timestamp": "2023-11-24T14:32:11.246335"
    }
}