{
    "versions": {
        "content": [
            [
                "versions.yml:md5,6783c35d2069f446d491d6ecb76cef9a"
            ]
        ],
        "timestamp": "2023-11-24T10:36:01.399157"
    }
}