{
    "versions": {
        "content": [
            [
                
            ]
        ],
        "timestamp": "2023-11-24T13:46:42.728722"
    }
}