{
    "versions": {
        "content": [
            [
                
            ]
        ],
        "timestamp": "2023-11-24T14:20:56.323243"
    }
}