{
    "versions": {
        "content": [
            [
                "versions.yml:md5,06a70ece474de57fc1dc7585e7cfd5a0"
            ]
        ],
        "timestamp": "2023-11-24T12:40:43.116511"
    }
}