{
    "versions": {
        "content": [
            [
                "versions.yml:md5,f414bcb9adc4a92de490ba29d794b4bb"
            ]
        ],
        "timestamp": "2023-11-24T14:11:46.334411"
    }
}