{
    "versions": {
        "content": [
            [
                
            ]
        ],
        "timestamp": "2023-11-24T13:47:23.484516"
    }
}