{
    "versions": {
        "content": [
            [
                "versions.yml:md5,5a6d1ee6d93cfe32fedd55e713a7d9e6"
            ]
        ],
        "timestamp": "2023-11-24T13:05:06.83185"
    }
}