{
    "versions": {
        "content": [
            [
                "versions.yml:md5,62490c6d1f42c5d2eebeea9fcf78f619"
            ]
        ],
        "timestamp": "2023-11-24T12:56:57.055859"
    }
}