{
    "versions": {
        "content": [
            [
                "versions.yml:md5,312004e84facdcd3e64c0b7b14e380d6"
            ]
        ],
        "timestamp": "2023-11-24T10:33:10.031708"
    }
}