{
    "versions": {
        "content": [
            [
                
            ]
        ],
        "timestamp": "2023-11-24T12:36:53.12748"
    }
}