{
    "versions": {
        "content": [
            [
                "versions.yml:md5,d893d88521b29d71b2eee9be6adfc9ef"
            ]
        ],
        "timestamp": "2023-11-24T13:13:39.866104"
    }
}