{
    "versions": {
        "content": [
            [
                "versions.yml:md5,e564e902249d469b20b45233db5cccaf"
            ]
        ],
        "timestamp": "2023-11-24T13:31:09.011734"
    }
}