{
    "versions": {
        "content": [
            [
                "versions.yml:md5,4e6c8368c84cdcf0a3769c7e382c9f8e"
            ]
        ],
        "timestamp": "2023-11-24T12:45:34.126026"
    }
}