{
    "versions": {
        "content": [
            [
                
            ]
        ],
        "timestamp": "2023-11-24T14:37:03.430186"
    }
}