{
    "versions": {
        "content": [
            [
                "versions.yml:md5,9c9d87626dd77c2dd8463d60357bde63"
            ]
        ],
        "timestamp": "2023-11-24T13:33:03.571313"
    }
}