{
    "versions": {
        "content": [
            [
                "versions.yml:md5,e0a48a40af2cf7d5de72c4c3cb47a4fc"
            ]
        ],
        "timestamp": "2023-11-24T14:27:33.14711"
    }
}