{
    "versions": {
        "content": [
            [
                "versions.yml:md5,5c29865a83f407f7e5b57bf64b7acdaf"
            ]
        ],
        "timestamp": "2023-11-24T13:11:20.291243"
    }
}