{
    "versions": {
        "content": [
            [
                
            ]
        ],
        "timestamp": "2023-11-24T14:37:33.407428"
    }
}