{
    "versions": {
        "content": [
            [
                
            ]
        ],
        "timestamp": "2023-11-24T14:32:49.013298"
    }
}