{
    "versions": {
        "content": [
            [
                "versions.yml:md5,d7da5dcfe356d14635a5eb29727fd771"
            ]
        ],
        "timestamp": "2023-11-24T13:07:39.36397"
    }
}