{
    "versions": {
        "content": [
            [
                "versions.yml:md5,cdecc135c35467721cc72a58b542323b"
            ]
        ],
        "timestamp": "2023-11-24T14:19:11.293694"
    }
}