{
    "versions": {
        "content": [
            [
                "versions.yml:md5,bc944a5a1a68b8b999b2ce6177c84ffc"
            ]
        ],
        "timestamp": "2023-11-24T14:17:53.709523"
    }
}