{
    "versions": {
        "content": [
            [
                "versions.yml:md5,e8954e602ae53e958694bbc72e67abca"
            ]
        ],
        "timestamp": "2023-11-24T14:22:56.78541"
    }
}