{
    "versions": {
        "content": [
            [
                
            ]
        ],
        "timestamp": "2023-11-24T12:37:08.938756"
    }
}