{
    "versions": {
        "content": [
            [
                
            ]
        ],
        "timestamp": "2023-11-24T10:28:28.538505"
    }
}