{
    "versions": {
        "content": [
            [
                "versions.yml:md5,651676ad52a85d41e64b7a2fbb5027d7"
            ]
        ],
        "timestamp": "2023-11-24T14:21:54.84958"
    }
}