{
    "versions": {
        "content": [
            [
                
            ]
        ],
        "timestamp": "2023-11-24T10:29:07.437537"
    }
}