{
    "versions": {
        "content": [
            [
                "versions.yml:md5,484c310a3cc138dda056b0524eb43081"
            ]
        ],
        "timestamp": "2023-11-24T13:27:47.151972"
    }
}