{
    "versions": {
        "content": [
            [
                "versions.yml:md5,210e1f24a3b70e240cabf80136720234"
            ]
        ],
        "timestamp": "2023-11-24T13:19:02.591584"
    }
}