{
    "versions": {
        "content": [
            [
                
            ]
        ],
        "timestamp": "2023-11-24T13:46:06.850892"
    }
}