{
    "versions": {
        "content": [
            [
                "versions.yml:md5,8028be40b22a6bec2ce48bbc811c663a"
            ]
        ],
        "timestamp": "2023-11-24T14:36:14.586303"
    }
}