{
    "versions": {
        "content": [
            [
                "versions.yml:md5,dd2967d0512f0249407f797bb54b33a3"
            ]
        ],
        "timestamp": "2023-11-24T12:44:52.325822"
    }
}