{
    "versions": {
        "content": [
            [
                "versions.yml:md5,b8847bf9b5b00d34a38cf6f774c4c5db"
            ]
        ],
        "timestamp": "2023-11-24T13:26:18.217477"
    }
}