{
    "versions": {
        "content": [
            [
                
            ]
        ],
        "timestamp": "2023-11-24T13:24:38.729526"
    }
}