{
    "versions": {
        "content": [
            [
                "versions.yml:md5,d7ebd06314ca501f8781d0c729c71516"
            ]
        ],
        "timestamp": "2023-11-24T13:57:25.498069"
    }
}