{
    "versions": {
        "content": [
            [
                "versions.yml:md5,3b81f9795bdcba9513ad441ff5720938"
            ]
        ],
        "timestamp": "2023-11-24T10:31:44.745876"
    }
}