{
    "versions": {
        "content": [
            [
                "versions.yml:md5,ae0342a5ff0006c183531b23d9fb5d4f"
            ]
        ],
        "timestamp": "2023-11-24T10:36:41.028443"
    }
}