{
    "versions": {
        "content": [
            [
                "versions.yml:md5,85a5ae7f1cbbedb821fb94713e84612c"
            ]
        ],
        "timestamp": "2023-11-24T13:15:51.446142"
    }
}