{
    "versions": {
        "content": [
            [
                "versions.yml:md5,300e8a9b6f8213d3621e53af09a9c728"
            ]
        ],
        "timestamp": "2023-11-24T12:43:07.306094"
    }
}